[M::bwa_idx_load_from_disk] read 0 ALT contigs
[M::process] read 40100 sequences (10000231 bp)...
[M::process] read 40106 sequences (10000147 bp)...
[M::mem_pestat] # candidate unique pairs for (FF, FR, RF, RR): (1, 13393, 3, 1)
[M::mem_pestat] skip orientation FF as there are not enough pairs
[M::mem_pestat] analyzing insert size distribution for orientation FR...
[M::mem_pestat] (25, 50, 75) percentile: (254, 308, 380)
[M::mem_pestat] low and high boundaries for computing mean and std.dev: (2, 632)
[M::mem_pestat] mean and std.dev: (318.03, 98.06)
[M::mem_pestat] low and high boundaries for proper pairs: (1, 758)
[M::mem_pestat] skip orientation RF as there are not enough pairs
[M::mem_pestat] skip orientation RR as there are not enough pairs
[M::mem_process_seqs] Processed 40100 reads in 23.495 CPU sec, 23.142 real sec
[M::process] read 40102 sequences (10000112 bp)...
[M::mem_pestat] # candidate unique pairs for (FF, FR, RF, RR): (1, 13599, 4, 1)
[M::mem_pestat] skip orientation FF as there are not enough pairs
[M::mem_pestat] analyzing insert size distribution for orientation FR...
[M::mem_pestat] (25, 50, 75) percentile: (259, 317, 396)
[M::mem_pestat] low and high boundaries for computing mean and std.dev: (1, 670)
[M::mem_pestat] mean and std.dev: (328.64, 103.72)
[M::mem_pestat] low and high boundaries for proper pairs: (1, 807)
[M::mem_pestat] skip orientation RF as there are not enough pairs
[M::mem_pestat] skip orientation RR as there are not enough pairs
[M::mem_process_seqs] Processed 40106 reads in 22.819 CPU sec, 22.365 real sec
[M::process] read 40094 sequences (10000439 bp)...
[M::mem_pestat] # candidate unique pairs for (FF, FR, RF, RR): (2, 13528, 4, 0)
[M::mem_pestat] skip orientation FF as there are not enough pairs
[M::mem_pestat] analyzing insert size distribution for orientation FR...
[M::mem_pestat] (25, 50, 75) percentile: (260, 318, 395)
[M::mem_pestat] low and high boundaries for computing mean and std.dev: (1, 665)
[M::mem_pestat] mean and std.dev: (328.79, 103.72)
[M::mem_pestat] low and high boundaries for proper pairs: (1, 800)
[M::mem_pestat] skip orientation RF as there are not enough pairs
[M::mem_pestat] skip orientation RR as there are not enough pairs
[M::mem_process_seqs] Processed 40102 reads in 22.475 CPU sec, 22.809 real sec
[M::process] read 40084 sequences (10000173 bp)...
[M::mem_pestat] # candidate unique pairs for (FF, FR, RF, RR): (3, 13566, 5, 4)
[M::mem_pestat] skip orientation FF as there are not enough pairs
[M::mem_pestat] analyzing insert size distribution for orientation FR...
[M::mem_pestat] (25, 50, 75) percentile: (261, 319, 398)
[M::mem_pestat] low and high boundaries for computing mean and std.dev: (1, 672)
[M::mem_pestat] mean and std.dev: (330.69, 104.61)
[M::mem_pestat] low and high boundaries for proper pairs: (1, 809)
[M::mem_pestat] skip orientation RF as there are not enough pairs
[M::mem_pestat] skip orientation RR as there are not enough pairs
[M::mem_process_seqs] Processed 40094 reads in 23.705 CPU sec, 23.224 real sec
[M::process] read 40088 sequences (10000320 bp)...
[M::mem_pestat] # candidate unique pairs for (FF, FR, RF, RR): (1, 13592, 3, 1)
[M::mem_pestat] skip orientation FF as there are not enough pairs
[M::mem_pestat] analyzing insert size distribution for orientation FR...
[M::mem_pestat] (25, 50, 75) percentile: (262, 318, 396)
[M::mem_pestat] low and high boundaries for computing mean and std.dev: (1, 664)
[M::mem_pestat] mean and std.dev: (330.44, 103.57)
[M::mem_pestat] low and high boundaries for proper pairs: (1, 798)
[M::mem_pestat] skip orientation RF as there are not enough pairs
[M::mem_pestat] skip orientation RR as there are not enough pairs
[M::mem_process_seqs] Processed 40084 reads in 22.865 CPU sec, 22.323 real sec
[M::process] read 40090 sequences (10000317 bp)...
[M::mem_pestat] # candidate unique pairs for (FF, FR, RF, RR): (3, 13379, 6, 1)
[M::mem_pestat] skip orientation FF as there are not enough pairs
[M::mem_pestat] analyzing insert size distribution for orientation FR...
[M::mem_pestat] (25, 50, 75) percentile: (260, 320, 397)
[M::mem_pestat] low and high boundaries for computing mean and std.dev: (1, 671)
[M::mem_pestat] mean and std.dev: (330.51, 104.70)
[M::mem_pestat] low and high boundaries for proper pairs: (1, 808)
[M::mem_pestat] skip orientation RF as there are not enough pairs
[M::mem_pestat] skip orientation RR as there are not enough pairs
[M::mem_process_seqs] Processed 40088 reads in 22.858 CPU sec, 23.161 real sec
[M::process] read 3968 sequences (990691 bp)...
[M::mem_pestat] # candidate unique pairs for (FF, FR, RF, RR): (3, 13564, 3, 0)
[M::mem_pestat] skip orientation FF as there are not enough pairs
[M::mem_pestat] analyzing insert size distribution for orientation FR...
[M::mem_pestat] (25, 50, 75) percentile: (262, 321, 401)
[M::mem_pestat] low and high boundaries for computing mean and std.dev: (1, 679)
[M::mem_pestat] mean and std.dev: (332.63, 104.48)
[M::mem_pestat] low and high boundaries for proper pairs: (1, 818)
[M::mem_pestat] skip orientation RF as there are not enough pairs
[M::mem_pestat] skip orientation RR as there are not enough pairs
[M::mem_process_seqs] Processed 40090 reads in 25.186 CPU sec, 24.742 real sec
[M::mem_pestat] # candidate unique pairs for (FF, FR, RF, RR): (0, 1308, 0, 0)
[M::mem_pestat] skip orientation FF as there are not enough pairs
[M::mem_pestat] analyzing insert size distribution for orientation FR...
[M::mem_pestat] (25, 50, 75) percentile: (260, 318, 394)
[M::mem_pestat] low and high boundaries for computing mean and std.dev: (1, 662)
[M::mem_pestat] mean and std.dev: (329.11, 102.93)
[M::mem_pestat] low and high boundaries for proper pairs: (1, 796)
[M::mem_pestat] skip orientation RF as there are not enough pairs
[M::mem_pestat] skip orientation RR as there are not enough pairs
[M::mem_process_seqs] Processed 3968 reads in 2.618 CPU sec, 2.497 real sec
[main] Version: 0.7.17-r1188
[main] CMD: bwa mem -M -R @RG\tID:DRR025089\tSM:SAMD00022947 -o DRR025089.sam referencia.fa DRR025089_1_clean.fastq DRR025089_2_clean.fastq
[main] Real time: 164.640 sec; CPU: 166.318 sec
